exports[`test renders as before 1`] = `
<div
  className="modal"
  onClick={undefined}>
  <div
    className="modal-box"
    onClick={[Function]}>
    modal children
  </div>
</div>
`;
