exports[`test renders the same as before with no slots 1`] = `
<p
  className="message">
  No slots available
</p>
`;

exports[`test renders the same as before with two slots 1`] = `
<div
  className="List undefined">
  <Connect(Component)
    id={1} />
  <Connect(Component)
    id={2} />
</div>
`;
