exports[`test renders correctly 1`] = `
<div
  className="App">
  <div>
    <h3>
      Today 
      
    </h3>
  </div>
</div>
`;
