exports[`test error matches snapshot 1`] = `
<div
  className="Alert Error">
  error message
</div>
`;

exports[`test errors match snapshot 1`] = `
<div>
  <Connect(Component)
    id="1" />
</div>
`;
