exports[`test renders booking button as before 1`] = `
<button
  className="BookButton">
  book 
  13:00
   to 
  14:00
</button>
`;
