exports[`test matches snapshot 1`] = `
<div>
  <Connect(Component) />
  <Connect(Component)>
    <Connect(Component) />
  </Connect(Component)>
</div>
`;
