exports[`test renders correctly 1`] = `
<div>
  <h3>
    Today 
    1999-01-01
  </h3>
  <button />
  <button />
</div>
`;
