exports[`test renders correctly 1`] = `
<div
  className="App">
  <div>
    Today 
  </div>
</div>
`;
