exports[`test renders home page as before 1`] = `
<div>
  <h3>
    Venue List
  </h3>
  <Link
    onlyActiveOnIndex={false}
    style={Object {}}
    to="/venue">
    Venue 1
  </Link>
</div>
`;
